// Jest Snapshot v1, https://goo.gl/fbAQLP

exports[`SourcesListView renders table and pagination 1`] = `
<table
  className="sources-placeholder-table pf-m-compact ins-entity-table"
>
  <tbody>
    <tr>
      <td>
        <RowLoader />
      </td>
    </tr>
    <tr>
      <td>
        <RowLoader />
      </td>
    </tr>
  </tbody>
</table>
`;
